src/components/dashboard/MenuManager.tsx(146,5): error TS2304: Cannot find name 'setSaving'.
src/components/dashboard/MenuManager.tsx(165,7): error TS2304: Cannot find name 'setSaving'.
src/components/dashboard/MenuManager.tsx(345,23): error TS2304: Cannot find name 'saving'.
src/components/dashboard/MenuManager.tsx(349,14): error TS2304: Cannot find name 'saving'.
src/components/dashboard/MenuManager.tsx(425,31): error TS2554: Expected 1 arguments, but got 2.
src/stories/sonner.stories.tsx(99,31): error TS2351: This expression is not constructable.
  Type '{ render: () => Element; args: {}; }' has no construct signatures.
